* using log directory ‘/Users/subroy13/Documents/washu-datathon-2026/ggkodom/ggkodom.Rcheck’
* using R version 4.5.1 (2025-06-13)
* using platform: aarch64-apple-darwin20
* R was compiled by
    Apple clang version 16.0.0 (clang-1600.0.26.6)
    GNU Fortran (GCC) 14.2.0
* running under: macOS Tahoe 26.5
* using session charset: UTF-8
* using option ‘--as-cran’
* checking for file ‘ggkodom/DESCRIPTION’ ... OK
* this is package ‘ggkodom’ version ‘0.1.0’
* package encoding: UTF-8
* checking CRAN incoming feasibility ... [2s/12s] NOTE
Maintainer: ‘Subrata Pal <subrata@iastate.edu>’

New submission
* checking package namespace information ... OK
* checking package dependencies ... OK
* checking if this is a source package ... OK
* checking if there is a namespace ... OK
* checking for executable files ... OK
* checking for hidden files and directories ... OK
* checking for portable file names ... OK
* checking for sufficient/correct file permissions ... OK
* checking serialization versions ... OK
* checking whether package ‘ggkodom’ can be installed ... OK
* checking installed package size ... OK
* checking package directory ... OK
* checking for future file timestamps ... OK
* checking ‘build’ directory ... OK
* checking DESCRIPTION meta-information ... OK
* checking top-level files ... NOTE
Non-standard files/directories found at top level:
  ‘TODO.md’ ‘action_items.md’ ‘ggkodom-Ex.pdf’
* checking for left-over files ... OK
* checking index information ... OK
* checking package subdirectories ... OK
* checking code files for non-ASCII characters ... WARNING
Found the following files with non-ASCII characters:
  R/fpca_helpers.R
  R/kodom_perturbation.R
Portable packages must use only ASCII characters in their R code and
NAMESPACE directives, except perhaps in comments.
Use \uxxxx escapes for other characters.
Function ‘tools::showNonASCIIfile’ can help in finding non-ASCII
characters in files.
* checking R files for syntax errors ... OK
* checking whether the package can be loaded ... OK
* checking whether the package can be loaded with stated dependencies ... OK
* checking whether the package can be unloaded cleanly ... OK
* checking whether the namespace can be loaded with stated dependencies ... OK
* checking whether the namespace can be unloaded cleanly ... OK
* checking loading without being on the library search path ... OK
* checking use of S3 registration ... OK
* checking dependencies in R code ... OK
* checking S3 generic/method consistency ... OK
* checking replacement functions ... OK
* checking foreign function calls ... OK
* checking R code for possible problems ... OK
* checking Rd files ... WARNING
checkRd: (5) grapes-or-or-grapes.Rd:3: \name should not contain !, | or @
* checking Rd metadata ... OK
* checking Rd line widths ... OK
* checking Rd cross-references ... OK
* checking for missing documentation entries ... WARNING
Undocumented code objects:
  ‘kodom_multi’ ‘kodom_scores_glyph’ ‘kodom_swimlane_multi’
All user-level objects in a package should have documentation entries.
See chapter ‘Writing R documentation files’ in the ‘Writing R
Extensions’ manual.
* checking for code/documentation mismatches ... WARNING
Codoc mismatches from Rd file 'kodom_compare.Rd':
kodom_compare
  Code: function(fit, data = NULL, id = "id", time = "time", value =
                 NULL, layout = c("overlay", "side"), n_grid = 60,
                 panel_labels = c("raw", "fit"), ...)
  Docs: function(fit, data = NULL, id = "id", time = "time", value =
                 NULL, n_grid = 60, panel_labels = c("raw", "fit"),
                 ...)
  Argument names in code not in docs:
    layout
  Mismatches in argument names:
    Position: 6 Code: layout Docs: n_grid
    Position: 7 Code: n_grid Docs: panel_labels
    Position: 8 Code: panel_labels Docs: ...

Codoc mismatches from Rd file 'kodom_state.Rd':
kodom_state
  Code: function(data, id = "id", time = "time", value = "value",
                 thresholds = NULL, state = NULL, state_labels = NULL,
                 state_colors = NULL, n_sample = 50, sort_by = "first",
                 outcome = NULL, outcome_label = "*", point_size = 3,
                 line_width = 0.7, alpha = 0.8, facet_rows = NULL,
                 facet_cols = NULL, seed = 123)
  Docs: function(data, id = "id", time = "time", value = "value",
                 thresholds = NULL, state = NULL, state_labels = NULL,
                 state_colors = NULL, n_sample = 50, sort_by = "first",
                 outcome = NULL, outcome_label = "*", point_size = 3,
                 line_width = 1.2, alpha = 0.8, facet_rows = NULL,
                 facet_cols = NULL, seed = 123)
  Mismatches in argument default values:
    Name: 'line_width' Code: 0.7 Docs: 1.2

Codoc mismatches from Rd file 'kodom_swimlane.Rd':
kodom_swimlane
  Code: function(data, id = "id", time = "time", value = "value", geom
                 = c("path", "tile"), coord = c("linear", "polar"),
                 n_sample = 50, sort_by = NULL, colors =
                 kodom_colors(), color_breaks = NULL, discretize =
                 FALSE, outcome = NULL, outcome_label = "*", point_size
                 = NULL, line_width = 0.5, alpha = 0.7, facet_rows =
                 NULL, facet_cols = NULL, time_bins = 10, time_breaks =
                 NULL, agg_fun = c("mean", "median", "first", "last",
                 "min", "max"), arc_degrees = 360, gap_fraction = 0.15,
                 inner_fraction = 0.3, direction = 1, show_rings =
                 FALSE, seed = 123)
  Docs: function(data, id = "id", time = "time", value = "value", geom
                 = c("path", "tile"), coord = c("linear", "polar"),
                 n_sample = 50, sort_by = NULL, colors =
                 kodom_colors(), color_breaks = NULL, discretize =
                 FALSE, outcome = NULL, outcome_label = "*", point_size
                 = NULL, line_width = 0.8, alpha = 0.7, facet_rows =
                 NULL, facet_cols = NULL, time_bins = 10, time_breaks =
                 NULL, agg_fun = c("mean", "median", "first", "last",
                 "min", "max"), gap_fraction = 0.15, inner_fraction =
                 0.3, direction = 1, show_rings = FALSE, seed = 123)
  Argument names in code not in docs:
    arc_degrees
  Mismatches in argument names (first 3):
    Position: 22 Code: arc_degrees Docs: gap_fraction
    Position: 23 Code: gap_fraction Docs: inner_fraction
    Position: 24 Code: inner_fraction Docs: direction
  Mismatches in argument default values:
    Name: 'line_width' Code: 0.5 Docs: 0.8

* checking Rd \usage sections ... WARNING
Documented arguments not in \usage in Rd file 'kodom_components.Rd':
  ‘K’ ‘overlay’ ‘show_pve’ ‘colors’ ‘line_width’ ‘show_mean’
  ‘boot_fits’ ‘boot_alpha’

Undocumented arguments in Rd file 'kodom_fit.Rd'
  ‘discretize’

Documented arguments not in \usage in Rd file 'kodom_perturbation.Rd':
  ‘K’ ‘sd_mult’ ‘show_pve’ ‘line_width’ ‘colors’

Undocumented arguments in Rd file 'kodom_residuals.Rd'
  ‘type’
Documented arguments not in \usage in Rd file 'kodom_residuals.Rd':
  ‘signed_breaks’ ‘colors’ ‘discretize’ ‘n_sample’ ‘sort_by’
  ‘point_size’ ‘line_width’ ‘alpha’ ‘seed’ ‘outcome’ ‘outcome_label’
  ‘facet_rows’ ‘facet_cols’

Functions with \usage entries need to have the appropriate \alias
entries, and all their arguments documented.
The \usage entries must correspond to syntactically valid R code.
See chapter ‘Writing R documentation files’ in the ‘Writing R
Extensions’ manual.
* checking Rd contents ... OK
* checking for unstated dependencies in examples ... OK
* checking installed files from ‘inst/doc’ ... OK
* checking files in ‘vignettes’ ... OK
* checking examples ... OK
* checking for unstated dependencies in ‘tests’ ... OK
* checking tests ... OK
  Running ‘testthat.R’
* checking for unstated dependencies in vignettes ... OK
* checking package vignettes ... OK
* checking re-building of vignette outputs ... OK
* checking PDF version of manual ... OK
* checking HTML version of manual ... OK
* checking for non-standard things in the check directory ... OK
* checking for detritus in the temp directory ... OK
* DONE
Status: 5 WARNINGs, 2 NOTEs
